[debug] [2026-06-30T21:14:14.426Z] ----------------------------------------------------------------------
[debug] [2026-06-30T21:14:14.429Z] Command:       /home/yiyi/.nvm/versions/node/v24.15.0/bin/node /home/yiyi/Escritorio/Yeimi/UTEC/Ciclo5/Ing_Software/proyecto/fe-admin/node_modules/.bin/firebase emulators:start --only auth --project demo-llosa
[debug] [2026-06-30T21:14:14.429Z] CLI Version:   15.20.0
[debug] [2026-06-30T21:14:14.429Z] Platform:      linux
[debug] [2026-06-30T21:14:14.429Z] Node Version:  v24.15.0
[debug] [2026-06-30T21:14:14.429Z] Time:          Tue Jun 30 2026 16:14:14 GMT-0500 (Peru Standard Time)
[debug] [2026-06-30T21:14:14.430Z] ----------------------------------------------------------------------
[debug] 
[debug] [2026-06-30T21:14:14.432Z] >>> [apiv2][query] GET https://firebase-public.firebaseio.com/cli.json [none]
[warn] ⚠  Could not find config (firebase.json) so using defaults. 
[info] i  emulators: Starting emulators: auth {"metadata":{"emulator":{"name":"hub"},"message":"Starting emulators: auth"}}
[info] i  emulators: Detected demo project ID "demo-llosa", emulated services will use a demo configuration and attempts to access non-emulated services for this project will fail. {"metadata":{"emulator":{"name":"hub"},"message":"Detected demo project ID \"demo-llosa\", emulated services will use a demo configuration and attempts to access non-emulated services for this project will fail."}}
[debug] [2026-06-30T21:14:15.835Z] [logging] Logging Emulator only supports listening on one address (127.0.0.1). Not listening on ::1
[debug] [2026-06-30T21:14:15.835Z] [auth] Authentication Emulator only supports listening on one address (127.0.0.1). Not listening on ::1
[debug] [2026-06-30T21:14:15.836Z] assigned listening specs for emulators {"user":{"hub":[{"address":"127.0.0.1","family":"IPv4","port":4400},{"address":"::1","family":"IPv6","port":4400}],"ui":[{"address":"127.0.0.1","family":"IPv4","port":4000},{"address":"::1","family":"IPv6","port":4000}],"logging":[{"address":"127.0.0.1","family":"IPv4","port":4500}],"auth":[{"address":"127.0.0.1","family":"IPv4","port":9099}]},"metadata":{"message":"assigned listening specs for emulators"}}
[debug] [2026-06-30T21:14:15.840Z] Write emulator hub locator at /tmp/hub-demo-llosa.json
[info] i  ui: downloading ui-v1.15.0.zip... {"metadata":{"emulator":{"name":"ui"},"message":"downloading ui-v1.15.0.zip..."}}
[debug] [2026-06-30T21:14:25.218Z] >>> [apiv2][query] GET https://storage.googleapis.com/firebase-preview-drop/emulator/ui-v1.15.0.zip 
[debug] [2026-06-30T21:14:25.496Z] <<< [apiv2][status] GET https://storage.googleapis.com/firebase-preview-drop/emulator/ui-v1.15.0.zip 200
[debug] [2026-06-30T21:14:25.496Z] <<< [apiv2][body] GET https://storage.googleapis.com/firebase-preview-drop/emulator/ui-v1.15.0.zip [stream]
[debug] [2026-06-30T21:14:26.315Z] Data is 3538469
[debug] [2026-06-30T21:14:26.316Z] [unzip] Entry: client/ (compressed_size=0 bytes, uncompressed_size=0 bytes)
[debug] [2026-06-30T21:14:26.317Z] [unzip] Processing entry: client/
[debug] [2026-06-30T21:14:26.317Z] [unzip] mkdir: /home/yiyi/.cache/firebase/emulators/ui-v1.15.0/client/
[debug] [2026-06-30T21:14:26.319Z] [unzip] Entry: client/favicon-16x16.png (compressed_size=293 bytes, uncompressed_size=293 bytes)
[debug] [2026-06-30T21:14:26.319Z] [unzip] Processing entry: client/favicon-16x16.png
[debug] [2026-06-30T21:14:26.319Z] [unzip] else mkdir: /home/yiyi/.cache/firebase/emulators/ui-v1.15.0/client
[debug] [2026-06-30T21:14:26.320Z] [unzip] Writing file: /home/yiyi/.cache/firebase/emulators/ui-v1.15.0/client/favicon-16x16.png
[debug] [2026-06-30T21:14:26.323Z] [unzip] Entry: client/safari-pinned-tab.svg (compressed_size=1433 bytes, uncompressed_size=2611 bytes)
[debug] [2026-06-30T21:14:26.324Z] [unzip] Processing entry: client/safari-pinned-tab.svg
[debug] [2026-06-30T21:14:26.324Z] [unzip] else mkdir: /home/yiyi/.cache/firebase/emulators/ui-v1.15.0/client
[debug] [2026-06-30T21:14:26.325Z] [unzip] deflating: /home/yiyi/.cache/firebase/emulators/ui-v1.15.0/client/safari-pinned-tab.svg
[debug] [2026-06-30T21:14:26.342Z] [unzip] Entry: client/favicon.ico (compressed_size=2933 bytes, uncompressed_size=13294 bytes)
[debug] [2026-06-30T21:14:26.342Z] [unzip] Processing entry: client/favicon.ico
[debug] [2026-06-30T21:14:26.343Z] [unzip] else mkdir: /home/yiyi/.cache/firebase/emulators/ui-v1.15.0/client
[debug] [2026-06-30T21:14:26.344Z] [unzip] deflating: /home/yiyi/.cache/firebase/emulators/ui-v1.15.0/client/favicon.ico
[debug] [2026-06-30T21:14:26.349Z] [unzip] Entry: client/index.html (compressed_size=1364 bytes, uncompressed_size=3071 bytes)
[debug] [2026-06-30T21:14:26.349Z] [unzip] Processing entry: client/index.html
[debug] [2026-06-30T21:14:26.349Z] [unzip] else mkdir: /home/yiyi/.cache/firebase/emulators/ui-v1.15.0/client
[debug] [2026-06-30T21:14:26.350Z] [unzip] deflating: /home/yiyi/.cache/firebase/emulators/ui-v1.15.0/client/index.html
[debug] [2026-06-30T21:14:26.352Z] [unzip] Entry: client/android-chrome-192x192.png (compressed_size=2684 bytes, uncompressed_size=2684 bytes)
[debug] [2026-06-30T21:14:26.353Z] [unzip] Processing entry: client/android-chrome-192x192.png
[debug] [2026-06-30T21:14:26.353Z] [unzip] else mkdir: /home/yiyi/.cache/firebase/emulators/ui-v1.15.0/client
[debug] [2026-06-30T21:14:26.354Z] [unzip] Writing file: /home/yiyi/.cache/firebase/emulators/ui-v1.15.0/client/android-chrome-192x192.png
[debug] [2026-06-30T21:14:26.355Z] [unzip] Entry: client/apple-touch-icon.png (compressed_size=2123 bytes, uncompressed_size=2152 bytes)
[debug] [2026-06-30T21:14:26.355Z] [unzip] Processing entry: client/apple-touch-icon.png
[debug] [2026-06-30T21:14:26.355Z] [unzip] else mkdir: /home/yiyi/.cache/firebase/emulators/ui-v1.15.0/client
[debug] [2026-06-30T21:14:26.356Z] [unzip] deflating: /home/yiyi/.cache/firebase/emulators/ui-v1.15.0/client/apple-touch-icon.png
[debug] [2026-06-30T21:14:26.357Z] [unzip] Entry: client/android-chrome-512x512.png (compressed_size=5369 bytes, uncompressed_size=5411 bytes)
[debug] [2026-06-30T21:14:26.358Z] [unzip] Processing entry: client/android-chrome-512x512.png
[debug] [2026-06-30T21:14:26.358Z] [unzip] else mkdir: /home/yiyi/.cache/firebase/emulators/ui-v1.15.0/client
[debug] [2026-06-30T21:14:26.358Z] [unzip] deflating: /home/yiyi/.cache/firebase/emulators/ui-v1.15.0/client/android-chrome-512x512.png
[debug] [2026-06-30T21:14:26.360Z] [unzip] Entry: client/manifest.json (compressed_size=245 bytes, uncompressed_size=551 bytes)
[debug] [2026-06-30T21:14:26.361Z] [unzip] Processing entry: client/manifest.json
[debug] [2026-06-30T21:14:26.361Z] [unzip] else mkdir: /home/yiyi/.cache/firebase/emulators/ui-v1.15.0/client
[debug] [2026-06-30T21:14:26.361Z] [unzip] deflating: /home/yiyi/.cache/firebase/emulators/ui-v1.15.0/client/manifest.json
[debug] [2026-06-30T21:14:26.363Z] [unzip] Entry: client/robots.txt (compressed_size=26 bytes, uncompressed_size=26 bytes)
[debug] [2026-06-30T21:14:26.363Z] [unzip] Processing entry: client/robots.txt
[debug] [2026-06-30T21:14:26.363Z] [unzip] else mkdir: /home/yiyi/.cache/firebase/emulators/ui-v1.15.0/client
[debug] [2026-06-30T21:14:26.363Z] [unzip] Writing file: /home/yiyi/.cache/firebase/emulators/ui-v1.15.0/client/robots.txt
[debug] [2026-06-30T21:14:26.364Z] [unzip] Entry: client/mstile-150x150.png (compressed_size=2034 bytes, uncompressed_size=2034 bytes)
[debug] [2026-06-30T21:14:26.364Z] [unzip] Processing entry: client/mstile-150x150.png
[debug] [2026-06-30T21:14:26.365Z] [unzip] else mkdir: /home/yiyi/.cache/firebase/emulators/ui-v1.15.0/client
[debug] [2026-06-30T21:14:26.365Z] [unzip] Writing file: /home/yiyi/.cache/firebase/emulators/ui-v1.15.0/client/mstile-150x150.png
[debug] [2026-06-30T21:14:26.366Z] [unzip] Entry: client/assets/ (compressed_size=0 bytes, uncompressed_size=0 bytes)
[debug] [2026-06-30T21:14:26.366Z] [unzip] Processing entry: client/assets/
[debug] [2026-06-30T21:14:26.366Z] [unzip] mkdir: /home/yiyi/.cache/firebase/emulators/ui-v1.15.0/client/assets/
[debug] [2026-06-30T21:14:26.366Z] [unzip] Entry: client/assets/index-BX-A56oj.js (compressed_size=582089 bytes, uncompressed_size=2092775 bytes)
[debug] [2026-06-30T21:14:26.367Z] [unzip] Processing entry: client/assets/index-BX-A56oj.js
[debug] [2026-06-30T21:14:26.367Z] [unzip] else mkdir: /home/yiyi/.cache/firebase/emulators/ui-v1.15.0/client/assets
[debug] [2026-06-30T21:14:26.367Z] [unzip] deflating: /home/yiyi/.cache/firebase/emulators/ui-v1.15.0/client/assets/index-BX-A56oj.js
[debug] [2026-06-30T21:14:26.388Z] [unzip] Entry: client/assets/index-CjB9C900.css (compressed_size=35979 bytes, uncompressed_size=298654 bytes)
[debug] [2026-06-30T21:14:26.388Z] [unzip] Processing entry: client/assets/index-CjB9C900.css
[debug] [2026-06-30T21:14:26.389Z] [unzip] else mkdir: /home/yiyi/.cache/firebase/emulators/ui-v1.15.0/client/assets
[debug] [2026-06-30T21:14:26.389Z] [unzip] deflating: /home/yiyi/.cache/firebase/emulators/ui-v1.15.0/client/assets/index-CjB9C900.css
[debug] [2026-06-30T21:14:26.392Z] [unzip] Entry: client/assets/index-BX-A56oj.js.map (compressed_size=2362482 bytes, uncompressed_size=10036679 bytes)
[debug] [2026-06-30T21:14:26.392Z] [unzip] Processing entry: client/assets/index-BX-A56oj.js.map
[debug] [2026-06-30T21:14:26.392Z] [unzip] else mkdir: /home/yiyi/.cache/firebase/emulators/ui-v1.15.0/client/assets
[debug] [2026-06-30T21:14:26.392Z] [unzip] deflating: /home/yiyi/.cache/firebase/emulators/ui-v1.15.0/client/assets/index-BX-A56oj.js.map
[debug] [2026-06-30T21:14:26.456Z] [unzip] Entry: client/assets/extensions/ (compressed_size=0 bytes, uncompressed_size=0 bytes)
[debug] [2026-06-30T21:14:26.456Z] [unzip] Processing entry: client/assets/extensions/
[debug] [2026-06-30T21:14:26.456Z] [unzip] mkdir: /home/yiyi/.cache/firebase/emulators/ui-v1.15.0/client/assets/extensions/
[debug] [2026-06-30T21:14:26.456Z] [unzip] Entry: client/assets/extensions/default-extension.png (compressed_size=1646 bytes, uncompressed_size=1657 bytes)
[debug] [2026-06-30T21:14:26.457Z] [unzip] Processing entry: client/assets/extensions/default-extension.png
[debug] [2026-06-30T21:14:26.457Z] [unzip] else mkdir: /home/yiyi/.cache/firebase/emulators/ui-v1.15.0/client/assets/extensions
[debug] [2026-06-30T21:14:26.457Z] [unzip] deflating: /home/yiyi/.cache/firebase/emulators/ui-v1.15.0/client/assets/extensions/default-extension.png
[debug] [2026-06-30T21:14:26.459Z] [unzip] Entry: client/assets/img/ (compressed_size=0 bytes, uncompressed_size=0 bytes)
[debug] [2026-06-30T21:14:26.459Z] [unzip] Processing entry: client/assets/img/
[debug] [2026-06-30T21:14:26.459Z] [unzip] mkdir: /home/yiyi/.cache/firebase/emulators/ui-v1.15.0/client/assets/img/
[debug] [2026-06-30T21:14:26.460Z] [unzip] Entry: client/assets/img/database.png (compressed_size=29449 bytes, uncompressed_size=29988 bytes)
[debug] [2026-06-30T21:14:26.460Z] [unzip] Processing entry: client/assets/img/database.png
[debug] [2026-06-30T21:14:26.460Z] [unzip] else mkdir: /home/yiyi/.cache/firebase/emulators/ui-v1.15.0/client/assets/img
[debug] [2026-06-30T21:14:26.460Z] [unzip] deflating: /home/yiyi/.cache/firebase/emulators/ui-v1.15.0/client/assets/img/database.png
[debug] [2026-06-30T21:14:26.461Z] [unzip] Entry: client/assets/provider-icons/ (compressed_size=0 bytes, uncompressed_size=0 bytes)
[debug] [2026-06-30T21:14:26.461Z] [unzip] Processing entry: client/assets/provider-icons/
[debug] [2026-06-30T21:14:26.461Z] [unzip] mkdir: /home/yiyi/.cache/firebase/emulators/ui-v1.15.0/client/assets/provider-icons/
[debug] [2026-06-30T21:14:26.462Z] [unzip] Entry: client/assets/provider-icons/auth_service_saml.svg (compressed_size=575 bytes, uncompressed_size=1226 bytes)
[debug] [2026-06-30T21:14:26.462Z] [unzip] Processing entry: client/assets/provider-icons/auth_service_saml.svg
[debug] [2026-06-30T21:14:26.462Z] [unzip] else mkdir: /home/yiyi/.cache/firebase/emulators/ui-v1.15.0/client/assets/provider-icons
[debug] [2026-06-30T21:14:26.462Z] [unzip] deflating: /home/yiyi/.cache/firebase/emulators/ui-v1.15.0/client/assets/provider-icons/auth_service_saml.svg
[debug] [2026-06-30T21:14:26.463Z] [unzip] Entry: client/assets/provider-icons/auth_service_phone.svg (compressed_size=261 bytes, uncompressed_size=414 bytes)
[debug] [2026-06-30T21:14:26.463Z] [unzip] Processing entry: client/assets/provider-icons/auth_service_phone.svg
[debug] [2026-06-30T21:14:26.463Z] [unzip] else mkdir: /home/yiyi/.cache/firebase/emulators/ui-v1.15.0/client/assets/provider-icons
[debug] [2026-06-30T21:14:26.463Z] [unzip] deflating: /home/yiyi/.cache/firebase/emulators/ui-v1.15.0/client/assets/provider-icons/auth_service_phone.svg
[debug] [2026-06-30T21:14:26.464Z] [unzip] Entry: client/assets/provider-icons/auth_service_facebook.svg (compressed_size=289 bytes, uncompressed_size=457 bytes)
[debug] [2026-06-30T21:14:26.464Z] [unzip] Processing entry: client/assets/provider-icons/auth_service_facebook.svg
[debug] [2026-06-30T21:14:26.464Z] [unzip] else mkdir: /home/yiyi/.cache/firebase/emulators/ui-v1.15.0/client/assets/provider-icons
[debug] [2026-06-30T21:14:26.464Z] [unzip] deflating: /home/yiyi/.cache/firebase/emulators/ui-v1.15.0/client/assets/provider-icons/auth_service_facebook.svg
[debug] [2026-06-30T21:14:26.465Z] [unzip] Entry: client/assets/provider-icons/auth_service_game_center.svg (compressed_size=991 bytes, uncompressed_size=3921 bytes)
[debug] [2026-06-30T21:14:26.465Z] [unzip] Processing entry: client/assets/provider-icons/auth_service_game_center.svg
[debug] [2026-06-30T21:14:26.465Z] [unzip] else mkdir: /home/yiyi/.cache/firebase/emulators/ui-v1.15.0/client/assets/provider-icons
[debug] [2026-06-30T21:14:26.465Z] [unzip] deflating: /home/yiyi/.cache/firebase/emulators/ui-v1.15.0/client/assets/provider-icons/auth_service_game_center.svg
[debug] [2026-06-30T21:14:26.466Z] [unzip] Entry: client/assets/provider-icons/auth_service_apple.svg (compressed_size=230 bytes, uncompressed_size=334 bytes)
[debug] [2026-06-30T21:14:26.466Z] [unzip] Processing entry: client/assets/provider-icons/auth_service_apple.svg
[debug] [2026-06-30T21:14:26.467Z] [unzip] else mkdir: /home/yiyi/.cache/firebase/emulators/ui-v1.15.0/client/assets/provider-icons
[debug] [2026-06-30T21:14:26.467Z] [unzip] deflating: /home/yiyi/.cache/firebase/emulators/ui-v1.15.0/client/assets/provider-icons/auth_service_apple.svg
[debug] [2026-06-30T21:14:26.467Z] [unzip] Entry: client/assets/provider-icons/auth_service_github.svg (compressed_size=466 bytes, uncompressed_size=838 bytes)
[debug] [2026-06-30T21:14:26.467Z] [unzip] Processing entry: client/assets/provider-icons/auth_service_github.svg
[debug] [2026-06-30T21:14:26.467Z] [unzip] else mkdir: /home/yiyi/.cache/firebase/emulators/ui-v1.15.0/client/assets/provider-icons
[debug] [2026-06-30T21:14:26.468Z] [unzip] deflating: /home/yiyi/.cache/firebase/emulators/ui-v1.15.0/client/assets/provider-icons/auth_service_github.svg
[debug] [2026-06-30T21:14:26.468Z] [unzip] Entry: client/assets/provider-icons/auth_service_mslive.svg (compressed_size=203 bytes, uncompressed_size=378 bytes)
[debug] [2026-06-30T21:14:26.468Z] [unzip] Processing entry: client/assets/provider-icons/auth_service_mslive.svg
[debug] [2026-06-30T21:14:26.468Z] [unzip] else mkdir: /home/yiyi/.cache/firebase/emulators/ui-v1.15.0/client/assets/provider-icons
[debug] [2026-06-30T21:14:26.469Z] [unzip] deflating: /home/yiyi/.cache/firebase/emulators/ui-v1.15.0/client/assets/provider-icons/auth_service_mslive.svg
[debug] [2026-06-30T21:14:26.469Z] [unzip] Entry: client/assets/provider-icons/auth_service_yahoo.svg (compressed_size=577 bytes, uncompressed_size=1182 bytes)
[debug] [2026-06-30T21:14:26.469Z] [unzip] Processing entry: client/assets/provider-icons/auth_service_yahoo.svg
[debug] [2026-06-30T21:14:26.469Z] [unzip] else mkdir: /home/yiyi/.cache/firebase/emulators/ui-v1.15.0/client/assets/provider-icons
[debug] [2026-06-30T21:14:26.470Z] [unzip] deflating: /home/yiyi/.cache/firebase/emulators/ui-v1.15.0/client/assets/provider-icons/auth_service_yahoo.svg
[debug] [2026-06-30T21:14:26.470Z] [unzip] Entry: client/assets/provider-icons/auth_service_twitter.svg (compressed_size=444 bytes, uncompressed_size=751 bytes)
[debug] [2026-06-30T21:14:26.470Z] [unzip] Processing entry: client/assets/provider-icons/auth_service_twitter.svg
[debug] [2026-06-30T21:14:26.470Z] [unzip] else mkdir: /home/yiyi/.cache/firebase/emulators/ui-v1.15.0/client/assets/provider-icons
[debug] [2026-06-30T21:14:26.471Z] [unzip] deflating: /home/yiyi/.cache/firebase/emulators/ui-v1.15.0/client/assets/provider-icons/auth_service_twitter.svg
[debug] [2026-06-30T21:14:26.471Z] [unzip] Entry: client/assets/provider-icons/auth_service_play_games.svg (compressed_size=565 bytes, uncompressed_size=1173 bytes)
[debug] [2026-06-30T21:14:26.471Z] [unzip] Processing entry: client/assets/provider-icons/auth_service_play_games.svg
[debug] [2026-06-30T21:14:26.472Z] [unzip] else mkdir: /home/yiyi/.cache/firebase/emulators/ui-v1.15.0/client/assets/provider-icons
[debug] [2026-06-30T21:14:26.472Z] [unzip] deflating: /home/yiyi/.cache/firebase/emulators/ui-v1.15.0/client/assets/provider-icons/auth_service_play_games.svg
[debug] [2026-06-30T21:14:26.473Z] [unzip] Entry: client/assets/provider-icons/auth_service_email.svg (compressed_size=228 bytes, uncompressed_size=326 bytes)
[debug] [2026-06-30T21:14:26.473Z] [unzip] Processing entry: client/assets/provider-icons/auth_service_email.svg
[debug] [2026-06-30T21:14:26.473Z] [unzip] else mkdir: /home/yiyi/.cache/firebase/emulators/ui-v1.15.0/client/assets/provider-icons
[debug] [2026-06-30T21:14:26.473Z] [unzip] deflating: /home/yiyi/.cache/firebase/emulators/ui-v1.15.0/client/assets/provider-icons/auth_service_email.svg
[debug] [2026-06-30T21:14:26.474Z] [unzip] Entry: client/assets/provider-icons/auth_service_google.svg (compressed_size=409 bytes, uncompressed_size=720 bytes)
[debug] [2026-06-30T21:14:26.474Z] [unzip] Processing entry: client/assets/provider-icons/auth_service_google.svg
[debug] [2026-06-30T21:14:26.474Z] [unzip] else mkdir: /home/yiyi/.cache/firebase/emulators/ui-v1.15.0/client/assets/provider-icons
[debug] [2026-06-30T21:14:26.474Z] [unzip] deflating: /home/yiyi/.cache/firebase/emulators/ui-v1.15.0/client/assets/provider-icons/auth_service_google.svg
[debug] [2026-06-30T21:14:26.476Z] [unzip] Entry: client/assets/provider-icons/auth_service_oidc.svg (compressed_size=414 bytes, uncompressed_size=858 bytes)
[debug] [2026-06-30T21:14:26.476Z] [unzip] Processing entry: client/assets/provider-icons/auth_service_oidc.svg
[debug] [2026-06-30T21:14:26.476Z] [unzip] else mkdir: /home/yiyi/.cache/firebase/emulators/ui-v1.15.0/client/assets/provider-icons
[debug] [2026-06-30T21:14:26.476Z] [unzip] deflating: /home/yiyi/.cache/firebase/emulators/ui-v1.15.0/client/assets/provider-icons/auth_service_oidc.svg
[debug] [2026-06-30T21:14:26.477Z] [unzip] Entry: client/browserconfig.xml (compressed_size=491 bytes, uncompressed_size=822 bytes)
[debug] [2026-06-30T21:14:26.477Z] [unzip] Processing entry: client/browserconfig.xml
[debug] [2026-06-30T21:14:26.477Z] [unzip] else mkdir: /home/yiyi/.cache/firebase/emulators/ui-v1.15.0/client
[debug] [2026-06-30T21:14:26.477Z] [unzip] deflating: /home/yiyi/.cache/firebase/emulators/ui-v1.15.0/client/browserconfig.xml
[debug] [2026-06-30T21:14:26.478Z] [unzip] Entry: client/favicon-32x32.png (compressed_size=475 bytes, uncompressed_size=475 bytes)
[debug] [2026-06-30T21:14:26.478Z] [unzip] Processing entry: client/favicon-32x32.png
[debug] [2026-06-30T21:14:26.478Z] [unzip] else mkdir: /home/yiyi/.cache/firebase/emulators/ui-v1.15.0/client
[debug] [2026-06-30T21:14:26.478Z] [unzip] Writing file: /home/yiyi/.cache/firebase/emulators/ui-v1.15.0/client/favicon-32x32.png
[debug] [2026-06-30T21:14:26.478Z] [unzip] Entry: server/ (compressed_size=0 bytes, uncompressed_size=0 bytes)
[debug] [2026-06-30T21:14:26.479Z] [unzip] Processing entry: server/
[debug] [2026-06-30T21:14:26.479Z] [unzip] mkdir: /home/yiyi/.cache/firebase/emulators/ui-v1.15.0/server/
[debug] [2026-06-30T21:14:26.479Z] [unzip] Entry: server/server.mjs.map (compressed_size=217845 bytes, uncompressed_size=944978 bytes)
[debug] [2026-06-30T21:14:26.479Z] [unzip] Processing entry: server/server.mjs.map
[debug] [2026-06-30T21:14:26.479Z] [unzip] else mkdir: /home/yiyi/.cache/firebase/emulators/ui-v1.15.0/server
[debug] [2026-06-30T21:14:26.479Z] [unzip] deflating: /home/yiyi/.cache/firebase/emulators/ui-v1.15.0/server/server.mjs.map
[debug] [2026-06-30T21:14:26.486Z] [unzip] Entry: server/server.mjs (compressed_size=276407 bytes, uncompressed_size=933701 bytes)
[debug] [2026-06-30T21:14:26.486Z] [unzip] Processing entry: server/server.mjs
[debug] [2026-06-30T21:14:26.486Z] [unzip] else mkdir: /home/yiyi/.cache/firebase/emulators/ui-v1.15.0/server
[debug] [2026-06-30T21:14:26.486Z] [unzip] deflating: /home/yiyi/.cache/firebase/emulators/ui-v1.15.0/server/server.mjs
[debug] [2026-06-30T21:14:26.498Z] Could not find VSCode notification endpoint: FetchError: request to http://localhost:40001/vscode/notify failed, reason: connect ECONNREFUSED 127.0.0.1:40001. If you are not running the Firebase SQL Connect VSCode extension, this is expected and not an issue.
[info] 
┌─────────────────────────────────────────────────────────────┐
│ ✔  All emulators ready! It is now safe to connect your app. │
│ i  View Emulator UI at http://127.0.0.1:4000/               │
└─────────────────────────────────────────────────────────────┘

┌────────────────┬────────────────┬────────────────────────────┐
│ Emulator       │ Host:Port      │ View in Emulator UI        │
├────────────────┼────────────────┼────────────────────────────┤
│ Authentication │ 127.0.0.1:9099 │ http://127.0.0.1:4000/auth │
└────────────────┴────────────────┴────────────────────────────┘
  Emulator Hub host: 127.0.0.1 port: 4400
  Other reserved ports: 4500

Issues? Report them at https://github.com/firebase/firebase-tools/issues and attach the *-debug.log files.
 
[debug] [2026-06-30T21:14:28.756Z] <<< [apiv2][status] GET https://firebase-public.firebaseio.com/cli.json 200
[debug] [2026-06-30T21:14:28.756Z] <<< [apiv2][body] GET https://firebase-public.firebaseio.com/cli.json {"cloudBuildErrorAfter":1594252800000,"cloudBuildWarnAfter":1590019200000,"defaultNode10After":1594252800000,"minVersion":"3.0.5","node8DeploysDisabledAfter":1613390400000,"node8RuntimeDisabledAfter":1615809600000,"node8WarnAfter":1600128000000}
